$ uname -srm && python3 -VV
Linux 5.15.0-144-generic x86_64
Python 3.10.12 (main, May 27 2025, 17:12:29) [GCC 11.4.0]

$ python3 -c 'import numpy,msgpack,zmq,cv2,websockets; ...'
numpy 2.2.6 | msgpack (1, 2, 1) | pyzmq 27.1.0 | cv2 5.0.0 | websockets 13.1

$ scripts/check_boundary.sh
boundary/__init__.py: OK
boundary/actions.py: OK
boundary/cameras.py: OK
boundary/states.py: OK
mocks/mock_orin.py: OK
mocks/mock_wbc.py: OK
conformance.py: OK
requirements.txt: OK
boundary/ and the organizer's tooling are unmodified.

$ python conformance.py --lane decoupled
conformance: lane=decoupled, need 40 clean messages

[mock-wbc] lane=decoupled connected to tcp://127.0.0.1:5556
[mock-wbc] ok #1 T=11 age=0.011s
[mock-wbc] ok #26 T=11 age=0.022s
[mock-wbc] 40 accepted, 0 rejected

PASS — your client speaks the boundary contract.
Next: confirm your manifest declares lane 'decoupled', then submit.

$ echo $?
0
